TMS320C6x COFF Assembler PC v5.1.0 Fri Mar 10 00:51:46 2006

Tools Copyright (c) 1996-2005 Texas Instruments Incorporated
vecs_timer1.asm                                                      PAGE    1

       1                    *
       2                    
       3                    * Copyright (C) 2003 Texas Instruments Incorporated
       4                    
       5                    * All Rights Reserved
       6                    
       7                    *
       8                    
       9                    *
      10                    
      11                    *---------vecs_timer1.asm---------
      12                    
      13                    *
      14                    
      15                    * Assembly file to set up interrupt service table (IST)
      16                    
      17                    *
      18                    
      19                    
      20                    
      21                    *------------------------------------------------------------------------------
      22                    
      23                    * Global symbols defined here and exported out of this file
      24                    
      25                    *------------------------------------------------------------------------------
      26                    
      27                       .global _vectors
      28                    
      29                       .global _c_int00
      30                    
      31                       .global _vector1
      32                    
      33                       .global _vector2
      34                    
      35                       .global _vector3
      36                    
      37                       .global _vector4
      38                    
      39                       .global _vector5
      40                    
      41                       .global _vector6
      42                    
      43                       .global _vector7
      44                    
      45                       .global _vector8
      46                    
      47                       .global _vector9       
      48                    
      49                       .global _vector10 
      50                    
      51                       .global _vector11   
      52                    
      53                       .global _vector12  
      54                    
      55                       .global _vector13   
TMS320C6x COFF Assembler PC v5.1.0 Fri Mar 10 00:51:46 2006

Tools Copyright (c) 1996-2005 Texas Instruments Incorporated
vecs_timer1.asm                                                      PAGE    2

      56                    
      57                       .global _c_int14  ; Hookup the c_int14 ISR in main()
      58                    
      59                       .global _vector15
      60                    
      61                    
      62                    
      63                    *------------------------------------------------------------------------------
      64                    
      65                    * Global symbols referenced in this file but defined somewhere else. 
      66                    
      67                    * Remember that your interrupt service routines need to be referenced here.
      68                    
      69                    *------------------------------------------------------------------------------
      70                    
      71                       .ref _c_int00
      72                    
      73                    
      74                    
      75                    *------------------------------------------------------------------------------
      76                    
      77                    * This is a macro that instantiates one entry in the interrupt service table.
      78                    
      79                    *------------------------------------------------------------------------------
      80                    
      81                    VEC_ENTRY .macro addr
      82                    
      83                        STW   B0,*--B15
      84                    
      85                        MVKL  addr,B0
      86                    
      87                        MVKH  addr,B0
      88                    
      89                        B     B0
      90                    
      91                        LDW   *B15++,B0
      92                    
      93                        NOP   2
      94                    
      95                        NOP   
      96                    
      97                        NOP   
      98                    
      99                       .endm
     100                    
     101                    
     102                    
     103                    
     104                    
     105                    *------------------------------------------------------------------------------
     106                    
     107                    * This is a dummy interrupt service routine used to initialize the IST.
     108                    
     109                    *------------------------------------------------------------------------------
     110                    
TMS320C6x COFF Assembler PC v5.1.0 Fri Mar 10 00:51:46 2006

Tools Copyright (c) 1996-2005 Texas Instruments Incorporated
vecs_timer1.asm                                                      PAGE    3

     111 00000000           _vec_dummy:
     112                    
     113 00000000 000C0362    B    B3
     114                    
     115 00000004 00008000    NOP  5
     116                    
     117                    
     118                    
     119                    *------------------------------------------------------------------------------
     120                    
     121                    * This is the actual interrupt service table (IST). It is properly aligned and
     122                    
     123                    * is located in the subsection .text:vecs. This means if you don't explicitly
     124                    
     125                    * specify this section in your linker command file, it will default and link
     126                    
     127                    * into the .text section. Remember to set the ISTP register to point to this
     128                    
     129                    * table.
     130                    
     131                    *------------------------------------------------------------------------------
     132                    
     133 00000000            .sect ".text:vecs"
     134                    
     135                     .align 1024
     136                    
     137                    
     138                    
     139 00000000           _vectors:
     140                    
     141 00000000           _vector0:   VEC_ENTRY _c_int00    ;RESET
1                           
1        00000000 003C30F6      STW   B0,*--B15
1                           
1        00000004 0000002A!     MVKL  _c_int00,B0
1                           
1        00000008 0000006A!     MVKH  _c_int00,B0
1                           
1        0000000c 00000362      B     B0
1                           
1        00000010 003C36E6      LDW   *B15++,B0
1                           
1        00000014 00002000      NOP   2
1                           
1        00000018 00000000      NOP   
1                           
1        0000001c 00000000      NOP   
1                           
     142                    
     143 00000020           _vector1:   VEC_ENTRY _vec_dummy  ;NMI
1                           
1        00000020 003C30F6      STW   B0,*--B15
1                           
1        00000024 0000002A'     MVKL  _vec_dummy,B0
1                           
TMS320C6x COFF Assembler PC v5.1.0 Fri Mar 10 00:51:46 2006

Tools Copyright (c) 1996-2005 Texas Instruments Incorporated
vecs_timer1.asm                                                      PAGE    4

1        00000028 0000006A'     MVKH  _vec_dummy,B0
1                           
1        0000002c 00000362      B     B0
1                           
1        00000030 003C36E6      LDW   *B15++,B0
1                           
1        00000034 00002000      NOP   2
1                           
1        00000038 00000000      NOP   
1                           
1        0000003c 00000000      NOP   
1                           
     144                    
     145 00000040           _vector2:   VEC_ENTRY _vec_dummy  ;RSVD
1                           
1        00000040 003C30F6      STW   B0,*--B15
1                           
1        00000044 0000002A'     MVKL  _vec_dummy,B0
1                           
1        00000048 0000006A'     MVKH  _vec_dummy,B0
1                           
1        0000004c 00000362      B     B0
1                           
1        00000050 003C36E6      LDW   *B15++,B0
1                           
1        00000054 00002000      NOP   2
1                           
1        00000058 00000000      NOP   
1                           
1        0000005c 00000000      NOP   
1                           
     146                    
     147 00000060           _vector3:   VEC_ENTRY _vec_dummy
1                           
1        00000060 003C30F6      STW   B0,*--B15
1                           
1        00000064 0000002A'     MVKL  _vec_dummy,B0
1                           
1        00000068 0000006A'     MVKH  _vec_dummy,B0
1                           
1        0000006c 00000362      B     B0
1                           
1        00000070 003C36E6      LDW   *B15++,B0
1                           
1        00000074 00002000      NOP   2
1                           
1        00000078 00000000      NOP   
1                           
1        0000007c 00000000      NOP   
1                           
     148                    
     149 00000080           _vector4:   VEC_ENTRY _vec_dummy
1                           
1        00000080 003C30F6      STW   B0,*--B15
1                           
TMS320C6x COFF Assembler PC v5.1.0 Fri Mar 10 00:51:46 2006

Tools Copyright (c) 1996-2005 Texas Instruments Incorporated
vecs_timer1.asm                                                      PAGE    5

1        00000084 0000002A'     MVKL  _vec_dummy,B0
1                           
1        00000088 0000006A'     MVKH  _vec_dummy,B0
1                           
1        0000008c 00000362      B     B0
1                           
1        00000090 003C36E6      LDW   *B15++,B0
1                           
1        00000094 00002000      NOP   2
1                           
1        00000098 00000000      NOP   
1                           
1        0000009c 00000000      NOP   
1                           
     150                    
     151 000000a0           _vector5:   VEC_ENTRY _vec_dummy
1                           
1        000000a0 003C30F6      STW   B0,*--B15
1                           
1        000000a4 0000002A'     MVKL  _vec_dummy,B0
1                           
1        000000a8 0000006A'     MVKH  _vec_dummy,B0
1                           
1        000000ac 00000362      B     B0
1                           
1        000000b0 003C36E6      LDW   *B15++,B0
1                           
1        000000b4 00002000      NOP   2
1                           
1        000000b8 00000000      NOP   
1                           
1        000000bc 00000000      NOP   
1                           
     152                    
     153 000000c0           _vector6:   VEC_ENTRY _vec_dummy
1                           
1        000000c0 003C30F6      STW   B0,*--B15
1                           
1        000000c4 0000002A'     MVKL  _vec_dummy,B0
1                           
1        000000c8 0000006A'     MVKH  _vec_dummy,B0
1                           
1        000000cc 00000362      B     B0
1                           
1        000000d0 003C36E6      LDW   *B15++,B0
1                           
1        000000d4 00002000      NOP   2
1                           
1        000000d8 00000000      NOP   
1                           
1        000000dc 00000000      NOP   
1                           
     154                    
     155 000000e0           _vector7:   VEC_ENTRY _vec_dummy
1                           
TMS320C6x COFF Assembler PC v5.1.0 Fri Mar 10 00:51:46 2006

Tools Copyright (c) 1996-2005 Texas Instruments Incorporated
vecs_timer1.asm                                                      PAGE    6

1        000000e0 003C30F6      STW   B0,*--B15
1                           
1        000000e4 0000002A'     MVKL  _vec_dummy,B0
1                           
1        000000e8 0000006A'     MVKH  _vec_dummy,B0
1                           
1        000000ec 00000362      B     B0
1                           
1        000000f0 003C36E6      LDW   *B15++,B0
1                           
1        000000f4 00002000      NOP   2
1                           
1        000000f8 00000000      NOP   
1                           
1        000000fc 00000000      NOP   
1                           
     156                    
     157 00000100           _vector8:   VEC_ENTRY _vec_dummy
1                           
1        00000100 003C30F6      STW   B0,*--B15
1                           
1        00000104 0000002A'     MVKL  _vec_dummy,B0
1                           
1        00000108 0000006A'     MVKH  _vec_dummy,B0
1                           
1        0000010c 00000362      B     B0
1                           
1        00000110 003C36E6      LDW   *B15++,B0
1                           
1        00000114 00002000      NOP   2
1                           
1        00000118 00000000      NOP   
1                           
1        0000011c 00000000      NOP   
1                           
     158                    
     159 00000120           _vector9:   VEC_ENTRY _vec_dummy
1                           
1        00000120 003C30F6      STW   B0,*--B15
1                           
1        00000124 0000002A'     MVKL  _vec_dummy,B0
1                           
1        00000128 0000006A'     MVKH  _vec_dummy,B0
1                           
1        0000012c 00000362      B     B0
1                           
1        00000130 003C36E6      LDW   *B15++,B0
1                           
1        00000134 00002000      NOP   2
1                           
1        00000138 00000000      NOP   
1                           
1        0000013c 00000000      NOP   
1                           
     160                    
TMS320C6x COFF Assembler PC v5.1.0 Fri Mar 10 00:51:46 2006

Tools Copyright (c) 1996-2005 Texas Instruments Incorporated
vecs_timer1.asm                                                      PAGE    7

     161 00000140           _vector10:  VEC_ENTRY _vec_dummy
1                           
1        00000140 003C30F6      STW   B0,*--B15
1                           
1        00000144 0000002A'     MVKL  _vec_dummy,B0
1                           
1        00000148 0000006A'     MVKH  _vec_dummy,B0
1                           
1        0000014c 00000362      B     B0
1                           
1        00000150 003C36E6      LDW   *B15++,B0
1                           
1        00000154 00002000      NOP   2
1                           
1        00000158 00000000      NOP   
1                           
1        0000015c 00000000      NOP   
1                           
     162                    
     163 00000160           _vector11:  VEC_ENTRY _vec_dummy
1                           
1        00000160 003C30F6      STW   B0,*--B15
1                           
1        00000164 0000002A'     MVKL  _vec_dummy,B0
1                           
1        00000168 0000006A'     MVKH  _vec_dummy,B0
1                           
1        0000016c 00000362      B     B0
1                           
1        00000170 003C36E6      LDW   *B15++,B0
1                           
1        00000174 00002000      NOP   2
1                           
1        00000178 00000000      NOP   
1                           
1        0000017c 00000000      NOP   
1                           
     164                    
     165 00000180           _vector12:  VEC_ENTRY _vec_dummy
1                           
1        00000180 003C30F6      STW   B0,*--B15
1                           
1        00000184 0000002A'     MVKL  _vec_dummy,B0
1                           
1        00000188 0000006A'     MVKH  _vec_dummy,B0
1                           
1        0000018c 00000362      B     B0
1                           
1        00000190 003C36E6      LDW   *B15++,B0
1                           
1        00000194 00002000      NOP   2
1                           
1        00000198 00000000      NOP   
1                           
1        0000019c 00000000      NOP   
TMS320C6x COFF Assembler PC v5.1.0 Fri Mar 10 00:51:46 2006

Tools Copyright (c) 1996-2005 Texas Instruments Incorporated
vecs_timer1.asm                                                      PAGE    8

1                           
     166                    
     167 000001a0           _vector13:  VEC_ENTRY _vec_dummy
1                           
1        000001a0 003C30F6      STW   B0,*--B15
1                           
1        000001a4 0000002A'     MVKL  _vec_dummy,B0
1                           
1        000001a8 0000006A'     MVKH  _vec_dummy,B0
1                           
1        000001ac 00000362      B     B0
1                           
1        000001b0 003C36E6      LDW   *B15++,B0
1                           
1        000001b4 00002000      NOP   2
1                           
1        000001b8 00000000      NOP   
1                           
1        000001bc 00000000      NOP   
1                           
     168                    
     169 000001c0           _vector14:  VEC_ENTRY _c_int14  ; Hookup the c_int14 ISR in main()
1                           
1        000001c0 003C30F6      STW   B0,*--B15
1                           
1        000001c4 0000002A!     MVKL  _c_int14,B0
1                           
1        000001c8 0000006A!     MVKH  _c_int14,B0
1                           
1        000001cc 00000362      B     B0
1                           
1        000001d0 003C36E6      LDW   *B15++,B0
1                           
1        000001d4 00002000      NOP   2
1                           
1        000001d8 00000000      NOP   
1                           
1        000001dc 00000000      NOP   
1                           
     170                    
     171 000001e0           _vector15:  VEC_ENTRY _vec_dummy
1                           
1        000001e0 003C30F6      STW   B0,*--B15
1                           
1        000001e4 0000002A'     MVKL  _vec_dummy,B0
1                           
1        000001e8 0000006A'     MVKH  _vec_dummy,B0
1                           
1        000001ec 00000362      B     B0
1                           
1        000001f0 003C36E6      LDW   *B15++,B0
1                           
1        000001f4 00002000      NOP   2
1                           
1        000001f8 00000000      NOP   
TMS320C6x COFF Assembler PC v5.1.0 Fri Mar 10 00:51:46 2006

Tools Copyright (c) 1996-2005 Texas Instruments Incorporated
vecs_timer1.asm                                                      PAGE    9

1                           
1        000001fc 00000000      NOP   
1                           
     172                    
     173                    
     174                    
     175                    *------------------------------------------------------------------------------
     176                    

No Assembly Errors, No Assembly Warnings
