******************************************************************************
          TMS320C6x COFF Linker PC v5.1.0                      
******************************************************************************
>> Linked Sun Mar 12 23:01:13 2006

OUTPUT FILE NAME:   <realtime.out>
ENTRY POINT SYMBOL: "_c_int00"  address: 000199e0


MEMORY CONFIGURATION

                  name            origin    length      used    attr    fill
         ----------------------  --------  ---------  --------  ----  --------
         VEC                     00000000   00000800  00000200  RWIX
         L2                      00000800   00080000  0001d6f2  RWIX
         SDRAM                   90000000   00800000  00000000  RWIX


SECTION ALLOCATION MAP

 output                                  attributes/
section   page    origin      length       input sections
--------  ----  ----------  ----------   ----------------
.intvecs   0    00000000    00000200     
                  00000000    00000200     intvecs.obj (.intvecs)

.off_chip 
*          0    00000800    00000000     UNINITIALIZED

.chip_image 
*          0    00000800    00000000     UNINITIALIZED

.data      0    00000800    00000000     UNINITIALIZED

.boot      0    00000800    00000000     UNINITIALIZED

.cinit     0    00000800    000005fc     COPY SECTION
                  00000800    00000244     rts6400.lib : defs.obj (.cinit)
                  00000a44    00000004     --HOLE-- [fill = 0]
                  00000a48    0000012c     csl6416.lib : csl_irq.obj (.cinit)
                  00000b74    00000004     --HOLE-- [fill = 0]
                  00000b78    000000fa     realtime.obj (.cinit)
                  00000c72    00000006     --HOLE-- [fill = 0]
                  00000c78    0000005c     csl6416.lib : csl_timer.obj (.cinit)
                  00000cd4    00000004     --HOLE-- [fill = 0]
                  00000cd8    0000005c     rts6400.lib : lowlev.obj (.cinit)
                  00000d34    00000004     --HOLE-- [fill = 0]
                  00000d38    0000003c     csl6416.lib : csl.obj (.cinit)
                  00000d74    00000004     --HOLE-- [fill = 0]
                  00000d78    0000002c     rts6400.lib : memory.obj (.cinit)
                  00000da4    00000004     --HOLE-- [fill = 0]
                  00000da8    0000002c                 : exit.obj (.cinit)
                  00000dd4    00000004     --HOLE-- [fill = 0]
                  00000dd8    0000001c                 : _lock.obj (.cinit)
                  00000df4    00000008     --HOLE-- [fill = 0]

.far       0    00000800    00010b08     UNINITIALIZED
                  00000800    00010020     realtime.obj (.far)
                  00010820    00000374     rts6400.lib : defs.obj (.far)
                  00010b98    00000190                 : _printfi.obj (.far)
                  00010d28    00000190                 : fcvt.obj (.far)
                  00010eb8    0000011c                 : lowlev.obj (.far)
                  00010fd8    00000100     csl6416.lib : csl_irq.obj (.far)
                  000110d8    000000d0     rts6400.lib : trgdrv.obj (.far)
                  000111a8    00000090                 : exit.obj (.far)
                  00011238    00000064                 : ecvt.obj (.far)
                  000112a0    00000030     csl6416.lib : csl_timer.obj (.far)
                  000112d0    00000028                 : csl.obj (.far)
                  000112f8    00000008     rts6400.lib : _lock.obj (.far)
                  00011300    00000008                 : memory.obj (.far)

.text      0    00011320    00008920     
                  00011320    00000b60     realtime.obj (.text)
                  00011e80    00000520     rts6400.lib : _printfi.obj (.text:__setfield)
                  000123a0    00000440                 : fcvt.obj (.text:_fcvt)
                  000127e0    00000420                 : ecvt.obj (.text:_ecvt)
                  00012c00    00000400                 : _printfi.obj (.text:__printfi)
                  00013000    000003e0                 : _printfi.obj (.text:__getarg_diouxp)
                  000133e0    000003e0                 : _printfi.obj (.text:__fcpy)
                  000137c0    000003a0                 : _printfi.obj (.text:__pconv_e)
                  00013b60    00000360                 : _printfi.obj (.text:__pproc_fwp)
                  00013ec0    00000340                 : fputs.obj (.text:_fputs)
                  00014200    00000320                 : memory.obj (.text:_free)
                  00014520    00000300                 : frcdivd.obj (.text:__frcdivd)
                  00014820    000002e0                 : _printfi.obj (.text:__pproc_str)
                  00014b00    000002a0                 : _printfi.obj (.text:__pconv_g)
                  00014da0    000002a0                 : imath64.obj (.text:__divull)
                  00015040    00000260                 : _printfi.obj (.text:__pproc_diouxp)
                  000152a0    00000240                 : frcaddd.obj (.text:__frcaddd)
                  000154e0    00000220                 : trgdrv.obj (.text:_HOSTrename)
                  00015700    000001e0                 : setvbuf.obj (.text:_setvbuf)
                  000158e0    000001e0     csl6416.lib : csl.obj (.text:__CSL_init)
                  00015ac0    000001e0                 : csl_irq.obj (.text:_IRQ_map)
                  00015ca0    000001e0     rts6400.lib : memory.obj (.text:_malloc)
                  00015e80    000001c0                 : divd.obj (.text:__divd)
                  00016040    000001c0                 : imath40.obj (.text:__divul)
                  00016200    000001c0                 : mpyd.obj (.text:__mpyd)
                  000163c0    000001c0                 : _printfi.obj (.text:__mcpy)
                  00016580    000001a0     csl6416.lib : csl_irq.obj (.text:_mux2Tables)
                  00016720    000001a0     rts6400.lib : _printfi.obj (.text:__pproc_fge)
                  000168c0    00000180                 : _printfi.obj (.text:__ltostr)
                  00016a40    00000160                 : addd.obj (.text:__addd)
                  00016ba0    00000140                 : fputc.obj (.text:_fputc)
                  00016ce0    00000140                 : trgdrv.obj (.text:_HOSTopen)
                  00016e20    00000140                 : fclose.obj (.text:_fclose)
                  00016f60    00000140                 : lowlev.obj (.text:_getdevice)
                  000170a0    00000140                 : atoi.obj (.text:_atoi)
                  000171e0    00000140                 : _printfi.obj (.text:__pproc_fflags)
                  00017320    00000120     csl6416.lib : csl_timer.obj (.text:_TIMER_reset)
                  00017440    00000120     rts6400.lib : _printfi.obj (.text:__pconv_f)
                  00017560    00000120                 : frcmpyd.obj (.text:__frcmpyd)
                  00017680    00000120     csl6416.lib : csl_timer.obj (.text:_TIMER_open)
                  000177a0    00000120     rts6400.lib : trgdrv.obj (.text:_HOSTlseek)
                  000178c0    00000100                 : trgdrv.obj (.text:_HOSTread)
                  000179c0    00000100                 : lowlev.obj (.text:_write)
                  00017ac0    00000100                 : lowlev.obj (.text:_lseek)
                  00017bc0    00000100                 : _io_perm.obj (.text:__wrt_ok)
                  00017cc0    00000100                 : _printfi.obj (.text:__div)
                  00017dc0    00000100                 : lowlev.obj (.text:_close)
                  00017ec0    00000100                 : exit.obj (.text:_exit)
                  00017fc0    00000100                 : fseek.obj (.text:_fseek)
                  000180c0    00000100                 : trgdrv.obj (.text:_HOSTunlink)
                  000181c0    00000100                 : trgdrv.obj (.text:_HOSTwrite)
                  000182c0    00000100                 : memset.obj (.text:_memset)
                  000183c0    00000100                 : ltoa.obj (.text:_ltoa)
                  000184c0    00000100                 : autoinit.obj (.text:__auto_init)
                  000185c0    000000e0     fastrts64x.lib : addsp.obj (.text)
                  000186a0    000000e0     rts6400.lib : fopen.obj (.text:__cleanup)
                  00018780    000000e0                 : _printfi.obj (.text:__ecpy)
                  00018860    000000e0     fastrts64x.lib : divsp.obj (.text)
                  00018940    000000c0                    : mpysp.obj (.text)
                  00018a00    000000c0     csl6416.lib : csl_irq.obj (.text:_setMux)
                  00018ac0    000000c0     rts6400.lib : lowlev.obj (.text:_finddevice)
                  00018b80    000000c0                 : fflush.obj (.text:__doflush)
                  00018c40    000000c0                 : trgdrv.obj (.text:_HOSTclose)
                  00018d00    000000c0                 : trgmsg.obj (.text:_readmsg)
                  00018dc0    000000c0                 : memory.obj (.text:_minsert)
                  00018e80    000000c0                 : imath40.obj (.text:__divli)
                  00018f40    000000c0                 : divu.obj (.text:__divu)
                  00019000    000000c0                 : memory.obj (.text:_mremove)
                  000190c0    000000a0                 : printf.obj (.text:_printf)
                  00019160    000000a0                 : renormd.obj (.text:_renormd)
                  00019200    000000a0                 : fixdli.obj (.text:__fixdli)
                  000192a0    000000a0                 : fixdi.obj (.text:__fixdi)
                  00019340    000000a0                 : imath40.obj (.text:__remli)
                  000193e0    000000a0                 : mpyll.obj (.text:__mpyll)
                  00019480    000000a0                 : cmpd.obj (.text:__cmpd)
                  00019520    000000a0                 : trgmsg.obj (.text:_writemsg)
                  000195c0    00000080                 : llshift.obj (.text:__llshl)
                  00019640    00000080                 : memccpy.obj (.text:_memccpy)
                  000196c0    00000080                 : memcpy64.obj (.text:_memcpy)
                  00019740    00000080                 : lowlev.obj (.text:_unlink)
                  000197c0    00000080     csl6416.lib : csl_irq.obj (.text:__IRQ_init)
                  00019840    00000080     rts6400.lib : cmpf.obj (.text:__cmpf)
                  000198c0    00000060                 : imath64.obj (.text:__subcull)
                  00019920    00000060                 : fltid.obj (.text:__fltid)
                  00019980    00000060                 : llshift.obj (.text:__llshru)
                  000199e0    00000060                 : boot.obj (.text:_c_int00)
                  00019a40    00000040     fastrts64x.lib : uintsp.obj (.text)
                  00019a80    00000040     rts6400.lib : negd.obj (.text:__negd)
                  00019ac0    00000040                 : args_main.obj (.text:__args_main)
                  00019b00    00000040                 : subd.obj (.text:__subd)
                  00019b40    00000020                 : printf.obj (.text:__outc)
                  00019b60    00000020     csl6416.lib : csl_irq.obj (.text)
                  00019b80    00000020     rts6400.lib : negll.obj (.text:__negll)
                  00019ba0    00000020                 : printf.obj (.text:__outs)
                  00019bc0    00000020                 : remove.obj (.text:_remove)
                  00019be0    00000020     csl6416.lib : csl.obj (.text:_CSL6416_LIB_)
                  00019c00    00000020     rts6400.lib : exit.obj (.text:_abort)
                  00019c20    00000020                 : _lock.obj (.text:__nop)

.stack     0    00019c40    00002000     UNINITIALIZED
                  00019c40    00000008     rts6400.lib : boot.obj (.stack)

.sysmem    0    0001bc40    00002000     UNINITIALIZED
                  0001bc40    00000008     rts6400.lib : memory.obj (.sysmem)

.const     0    0001dc40    00000164     
                  0001dc40    00000101     rts6400.lib : ctype.obj (.const)
                  0001dd41    00000002                 : fputs.obj (.const)
                  0001dd43    00000005     --HOLE-- [fill = 0]
                  0001dd48    00000032     realtime.obj (.const)
                  0001dd7a    0000002a     rts6400.lib : _printfi.obj (.const)

.cio       0    0001dda8    00000120     UNINITIALIZED
                  0001dda8    00000120     rts6400.lib : trgmsg.obj (.cio)

.bss       0    0001dec8    00000046     UNINITIALIZED
                  0001dec8    00000046     realtime.obj (.bss)


GLOBAL SYMBOLS: SORTED ALPHABETICALLY BY Name 

address    name
--------   ----
0001dec8   $bss
0001dec8   .bss
00000800   .data
00011320   .text
00000040   AINT_V
00019c00   C$$EXIT
000195b8   C$$IO$$
00000140   INT10_V
00000160   INT11_V
00000180   INT12_V
000001a0   INT13_V
000001c0   INT14_V
000001e0   INT15_V
00000080   INT4_V
000000a0   INT5_V
000000c0   INT6_V
000000e0   INT7_V
00000100   INT8_V
00000120   INT9_V
00000060   MSGINT_V
00000020   NMI_V
00000000   RESET_V
0001dd48   _AvgFirCoeff
00019be0   _CSL6416_LIB_
00011d1c   _ConfigureAllTimers
000117f4   _Fir32
0001df04   _GUARD_BITS
00018c40   _HOSTclose
000177a0   _HOSTlseek
00016ce0   _HOSTopen
000178c0   _HOSTread
000154e0   _HOSTrename
000180c0   _HOSTunlink
000181c0   _HOSTwrite
00015ac0   _IRQ_map
0001df0a   _Inc
000117bc   _InputData
0001df08   _Mult
000117e4   _OutputData
0001df00   _OutputDataPtr
00011870   _PerformIsr1
000119c0   _PerformIsr2
00011b10   _PerformIsr3
0001184c   _PseudoRand16
00011c80   _SetupInterrupts
00017680   _TIMER_open
00017320   _TIMER_reset
00011c60   _TakeALongTime
0001dda8   __CIOBUF_
000158e0   __CSL_init
000110d0   __IRQ_dispatchTable
00011008   __IRQ_eventTable
00019b60   __IRQ_hookFetchPacket
000197c0   __IRQ_init
00011090   __IRQ_intTable
00002000   __STACK_SIZE
00002000   __SYSMEM_SIZE
000112a0   __TIMER_deviceTable
000112cc   __TIMER_hBios
000112c4   __TIMER_hDev0
000112c8   __TIMER_hDev1
ffffffff   ___binit__
0001dec8   ___bss__
ffffffff   ___c_args__
ffffffff   ___cinit__
00000800   ___data__
00000800   ___edata__
0001df0e   ___end__
00019c40   ___etext__
ffffffff   ___pinit__
00011320   ___text__
00016a40   __addd
000185d0   __addf
00019ac0   __args_main
000184c0   __auto_init
000186a0   __cleanup
00011230   __cleanup_ptr
00019480   __cmpd
00019840   __cmpf
0001dc40   __ctypes_
00015e80   __divd
0001886c   __divf
00018e80   __divli
00018f40   __divu
00016040   __divul
00014da0   __divull
00018b80   __doflush
00011234   __dtors_ptr
000192a0   __fixdi
00019200   __fixdli
00019920   __fltid
00019a40   __fltuf
000152a0   __frcaddd
00014520   __frcdivd
00017560   __frcmpyd
00010b90   __ft_end
00010820   __ftable
000195c0   __llshl
00019980   __llshru
000112f8   __lock
00016200   __mpyd
00018940   __mpyf
000193e0   __mpyll
00019a80   __negd
00019b80   __negll
00019c20   __nop
00012c00   __printfi
00019340   __remli
00019c40   __stack
000198c0   __subcull
00019b00   __subd
000185c0   __subf
0001bc40   __sys_memory
00010a50   __tmpnams
000112fc   __unlock
00017bc0   __wrt_ok
00019c00   _abort
000185d0   _addsp
000170a0   _atoi
000199e0   _c_int00
00017dc0   _close
0001886c   _divsp
000127e0   _ecvt
00017ec0   _exit
00016e20   _fclose
000123a0   _fcvt
00016ba0   _fputc
00013ec0   _fputs
00014200   _free
00017fc0   _fseek
00017ac0   _lseek
000183c0   _ltoa
00011320   _main
00015ca0   _malloc
00011558   _mandelinit
00011620   _mandsub
00019640   _memccpy
000196c0   _memcpy
000182c0   _memset
00018940   _mpysp
000190c0   _printf
00018d00   _readmsg
00018860   _recipf
00018860   _recipsp
00019bc0   _remove
00019160   _renormd
00015700   _setvbuf
000185c0   _subsp
0001dec8   _timer0value
0001decc   _timer1value
0001ded0   _timer2value
00019a40   _uintsp
00019740   _unlink
000179c0   _write
00019520   _writemsg
0001dee8   _xmax
0001dee4   _xmin
0001def0   _ymax
0001deec   _ymin
ffffffff   binit
ffffffff   cinit
00000800   edata
0001df0e   end
00019c40   etext
ffffffff   pinit
00000000   rst


GLOBAL SYMBOLS: SORTED BY Symbol Address 

address    name
--------   ----
00000000   RESET_V
00000000   rst
00000020   NMI_V
00000040   AINT_V
00000060   MSGINT_V
00000080   INT4_V
000000a0   INT5_V
000000c0   INT6_V
000000e0   INT7_V
00000100   INT8_V
00000120   INT9_V
00000140   INT10_V
00000160   INT11_V
00000180   INT12_V
000001a0   INT13_V
000001c0   INT14_V
000001e0   INT15_V
00000800   edata
00000800   ___data__
00000800   ___edata__
00000800   .data
00002000   __SYSMEM_SIZE
00002000   __STACK_SIZE
00010820   __ftable
00010a50   __tmpnams
00010b90   __ft_end
00011008   __IRQ_eventTable
00011090   __IRQ_intTable
000110d0   __IRQ_dispatchTable
00011230   __cleanup_ptr
00011234   __dtors_ptr
000112a0   __TIMER_deviceTable
000112c4   __TIMER_hDev0
000112c8   __TIMER_hDev1
000112cc   __TIMER_hBios
000112f8   __lock
000112fc   __unlock
00011320   ___text__
00011320   .text
00011320   _main
00011558   _mandelinit
00011620   _mandsub
000117bc   _InputData
000117e4   _OutputData
000117f4   _Fir32
0001184c   _PseudoRand16
00011870   _PerformIsr1
000119c0   _PerformIsr2
00011b10   _PerformIsr3
00011c60   _TakeALongTime
00011c80   _SetupInterrupts
00011d1c   _ConfigureAllTimers
000123a0   _fcvt
000127e0   _ecvt
00012c00   __printfi
00013ec0   _fputs
00014200   _free
00014520   __frcdivd
00014da0   __divull
000152a0   __frcaddd
000154e0   _HOSTrename
00015700   _setvbuf
000158e0   __CSL_init
00015ac0   _IRQ_map
00015ca0   _malloc
00015e80   __divd
00016040   __divul
00016200   __mpyd
00016a40   __addd
00016ba0   _fputc
00016ce0   _HOSTopen
00016e20   _fclose
000170a0   _atoi
00017320   _TIMER_reset
00017560   __frcmpyd
00017680   _TIMER_open
000177a0   _HOSTlseek
000178c0   _HOSTread
000179c0   _write
00017ac0   _lseek
00017bc0   __wrt_ok
00017dc0   _close
00017ec0   _exit
00017fc0   _fseek
000180c0   _HOSTunlink
000181c0   _HOSTwrite
000182c0   _memset
000183c0   _ltoa
000184c0   __auto_init
000185c0   _subsp
000185c0   __subf
000185d0   _addsp
000185d0   __addf
000186a0   __cleanup
00018860   _recipsp
00018860   _recipf
0001886c   __divf
0001886c   _divsp
00018940   __mpyf
00018940   _mpysp
00018b80   __doflush
00018c40   _HOSTclose
00018d00   _readmsg
00018e80   __divli
00018f40   __divu
000190c0   _printf
00019160   _renormd
00019200   __fixdli
000192a0   __fixdi
00019340   __remli
000193e0   __mpyll
00019480   __cmpd
00019520   _writemsg
000195b8   C$$IO$$
000195c0   __llshl
00019640   _memccpy
000196c0   _memcpy
00019740   _unlink
000197c0   __IRQ_init
00019840   __cmpf
000198c0   __subcull
00019920   __fltid
00019980   __llshru
000199e0   _c_int00
00019a40   _uintsp
00019a40   __fltuf
00019a80   __negd
00019ac0   __args_main
00019b00   __subd
00019b60   __IRQ_hookFetchPacket
00019b80   __negll
00019bc0   _remove
00019be0   _CSL6416_LIB_
00019c00   _abort
00019c00   C$$EXIT
00019c20   __nop
00019c40   ___etext__
00019c40   etext
00019c40   __stack
0001bc40   __sys_memory
0001dc40   __ctypes_
0001dd48   _AvgFirCoeff
0001dda8   __CIOBUF_
0001dec8   $bss
0001dec8   .bss
0001dec8   ___bss__
0001dec8   _timer0value
0001decc   _timer1value
0001ded0   _timer2value
0001dee4   _xmin
0001dee8   _xmax
0001deec   _ymin
0001def0   _ymax
0001df00   _OutputDataPtr
0001df04   _GUARD_BITS
0001df08   _Mult
0001df0a   _Inc
0001df0e   end
0001df0e   ___end__
ffffffff   ___c_args__
ffffffff   pinit
ffffffff   ___cinit__
ffffffff   ___pinit__
ffffffff   ___binit__
ffffffff   cinit
ffffffff   binit

[166 symbols]
